// Jest Snapshot v1, https://goo.gl/fbAQLP

exports[`CounterApp tarea debe hacer match con el snapshot 1`] = `undefined`;
